 d   N0             S0   blocks  B1  B2  B3  B4
 1   84    22786974071                [0]  True  True  True  True
 2    7     1868991481             [0, 1]  True  True  True  True
 3   12     4215999875          [0, 1, 2]  True  True  True  True
 4   12     5499999885       [0, 1, 2, 3]  True  True  True  True
 5    1              0    [0, 1, 2, 3, 4]  True  True  True  True
 6   12   105783999905 [0, 1, 2, 3, 4, 5]  True  True  True  True
 7    7    58131008510 [0, 1, 2, 3, 4, 5, 6]  True  True  True  True
 8   43   409040935919 [0, 1, 2, 3, 4, 5, 6, 7]  True  True  True  True
 9    1              0 [0, 1, 2, 3, 4, 5, 6, 7, 8]  True  True  True  True

All block-structure checks (B1-B4) hold for every digit: True

Block-0 solutions grouped into maximal consecutive runs (run length -> count):
  d=1:  84 b0-sols, 20 runs, run lengths {1: 4, 2: 10, 10: 6}
  d=2:   7 b0-sols, 7 runs, run lengths {1: 7}
  d=3:  12 b0-sols, 3 runs, run lengths {1: 2, 10: 1}
  d=4:  12 b0-sols, 3 runs, run lengths {1: 2, 10: 1}
  d=5:   1 b0-sols, 1 runs, run lengths {1: 1}
  d=6:  12 b0-sols, 3 runs, run lengths {1: 2, 10: 1}
  d=7:   7 b0-sols, 7 runs, run lengths {1: 7}
  d=8:  43 b0-sols, 11 runs, run lengths {1: 7, 9: 4}
  d=9:   1 b0-sols, 1 runs, run lengths {1: 1}

Derived sequences (d=1..9):
  N0(d) = [84, 7, 12, 12, 1, 12, 7, 43, 1]
  S0(d) = [22786974071, 1868991481, 4215999875, 5499999885, 0, 105783999905, 58131008510, 409040935919, 0]
  last solution per digit = [1111111110, 10535000000, 20500000000, 30500000000, 40000000000, 59628399995, 69971736170, 79998399997, 80000000000]
  last block-0 solution  = [1111111110, 535000000, 500000000, 500000000, 0, 9628399995, 9971736170, 9998399997, 0]
