
=== n=2: distinct sets=0  total pairs=(n-2)^2=0  largest diam=-1 multiplicity=0 ===

=== n=3: distinct sets=1  total pairs=(n-2)^2=1  largest diam=-1 multiplicity=0 ===
  |A|=  0 diam=  - runs=0 run_lengths=[] m=1

=== n=4: distinct sets=2  total pairs=(n-2)^2=4  largest diam=2 multiplicity=2 ===
  weighted span histogram diam->mult: 2:2
  |A|=  0 diam=  - runs=0 run_lengths=[] m=2
  |A|=  2 diam=  2 runs=2 run_lengths=[1,1] m=2

=== n=5: distinct sets=4  total pairs=(n-2)^2=9  largest diam=3 multiplicity=2 ===
  weighted span histogram diam->mult: 2:4 3:2
  |A|=  0 diam=  - runs=0 run_lengths=[] m=3
  |A|=  4 diam=  3 runs=1 run_lengths=[4] m=2
  |A|=  2 diam=  2 runs=2 run_lengths=[1,1] m=2
  |A|=  2 diam=  2 runs=2 run_lengths=[1,1] m=2

=== n=6: distinct sets=7  total pairs=(n-2)^2=16  largest diam=4 multiplicity=2 ===
  weighted span histogram diam->mult: 2:4 3:4 4:4
  |A|=  0 diam=  - runs=0 run_lengths=[] m=4
  |A|=  4 diam=  3 runs=1 run_lengths=[4] m=2
  |A|=  4 diam=  3 runs=1 run_lengths=[4] m=2
  |A|=  2 diam=  2 runs=2 run_lengths=[1,1] m=2
  |A|=  2 diam=  2 runs=2 run_lengths=[1,1] m=2
  |A|=  2 diam=  4 runs=2 run_lengths=[1,1] m=2
  |A|=  4 diam=  4 runs=2 run_lengths=[2,2] m=2

=== n=7: distinct sets=11  total pairs=(n-2)^2=25  largest diam=5 multiplicity=2 ===
  weighted span histogram diam->mult: 2:6 3:4 4:6 5:4
  |A|=  0 diam=  - runs=0 run_lengths=[] m=5
  |A|=  4 diam=  3 runs=1 run_lengths=[4] m=2
  |A|=  4 diam=  3 runs=1 run_lengths=[4] m=2
  |A|=  2 diam=  2 runs=2 run_lengths=[1,1] m=2
  |A|=  2 diam=  2 runs=2 run_lengths=[1,1] m=2
  |A|=  2 diam=  2 runs=2 run_lengths=[1,1] m=2
  |A|=  2 diam=  4 runs=2 run_lengths=[1,1] m=2
  |A|=  2 diam=  4 runs=2 run_lengths=[1,1] m=2
  |A|=  4 diam=  4 runs=2 run_lengths=[2,2] m=2
  |A|=  4 diam=  5 runs=2 run_lengths=[2,2] m=2
  |A|=  4 diam=  5 runs=3 run_lengths=[1,2,1] m=2

=== n=8: distinct sets=16  total pairs=(n-2)^2=36  largest diam=6 multiplicity=2 ===
  weighted span histogram diam->mult: 2:6 3:6 4:6 5:6 6:6
  |A|=  0 diam=  - runs=0 run_lengths=[] m=6
  |A|=  4 diam=  3 runs=1 run_lengths=[4] m=2
  |A|=  4 diam=  3 runs=1 run_lengths=[4] m=2
  |A|=  4 diam=  3 runs=1 run_lengths=[4] m=2
  |A|=  2 diam=  2 runs=2 run_lengths=[1,1] m=2
  |A|=  2 diam=  2 runs=2 run_lengths=[1,1] m=2
  |A|=  2 diam=  2 runs=2 run_lengths=[1,1] m=2
  |A|=  2 diam=  4 runs=2 run_lengths=[1,1] m=2
  |A|=  2 diam=  4 runs=2 run_lengths=[1,1] m=2
  |A|=  4 diam=  4 runs=2 run_lengths=[2,2] m=2
  |A|=  4 diam=  5 runs=2 run_lengths=[2,2] m=2
  |A|=  4 diam=  5 runs=2 run_lengths=[2,2] m=2
  |A|=  6 diam=  6 runs=2 run_lengths=[5,1] m=2
  |A|=  6 diam=  6 runs=2 run_lengths=[3,3] m=2
  |A|=  4 diam=  5 runs=3 run_lengths=[1,2,1] m=2
  |A|=  4 diam=  6 runs=4 run_lengths=[1,1,1,1] m=2

=== n=9: distinct sets=22  total pairs=(n-2)^2=49  largest diam=7 multiplicity=2 ===
  weighted span histogram diam->mult: 2:6 3:6 4:8 5:6 6:10 7:6
  |A|=  0 diam=  - runs=0 run_lengths=[] m=7
  |A|=  4 diam=  3 runs=1 run_lengths=[4] m=2
  |A|=  4 diam=  3 runs=1 run_lengths=[4] m=2
  |A|=  4 diam=  3 runs=1 run_lengths=[4] m=2
  |A|=  8 diam=  7 runs=1 run_lengths=[8] m=2
  |A|=  2 diam=  2 runs=2 run_lengths=[1,1] m=2
  |A|=  2 diam=  2 runs=2 run_lengths=[1,1] m=2
  |A|=  2 diam=  2 runs=2 run_lengths=[1,1] m=2
  |A|=  2 diam=  6 runs=2 run_lengths=[1,1] m=2
  |A|=  2 diam=  4 runs=2 run_lengths=[1,1] m=2
  |A|=  2 diam=  4 runs=2 run_lengths=[1,1] m=2
  |A|=  2 diam=  4 runs=2 run_lengths=[1,1] m=2
  |A|=  4 diam=  4 runs=2 run_lengths=[2,2] m=2
  |A|=  4 diam=  7 runs=2 run_lengths=[1,3] m=2
  |A|=  4 diam=  5 runs=2 run_lengths=[2,2] m=2
  |A|=  4 diam=  5 runs=2 run_lengths=[2,2] m=2
  |A|=  6 diam=  6 runs=2 run_lengths=[5,1] m=2
  |A|=  6 diam=  6 runs=2 run_lengths=[3,3] m=2
  |A|=  4 diam=  5 runs=3 run_lengths=[1,2,1] m=2
  |A|=  4 diam=  7 runs=3 run_lengths=[1,2,1] m=2
  |A|=  4 diam=  6 runs=4 run_lengths=[1,1,1,1] m=2
  |A|=  4 diam=  6 runs=4 run_lengths=[1,1,1,1] m=2

=== n=10: distinct sets=29  total pairs=(n-2)^2=64  largest diam=8 multiplicity=2 ===
  weighted span histogram diam->mult: 2:6 3:6 4:8 5:8 6:10 7:10 8:8
  |A|=  0 diam=  - runs=0 run_lengths=[] m=8
  |A|=  4 diam=  3 runs=1 run_lengths=[4] m=2
  |A|=  4 diam=  3 runs=1 run_lengths=[4] m=2
  |A|=  4 diam=  3 runs=1 run_lengths=[4] m=2
  |A|=  8 diam=  7 runs=1 run_lengths=[8] m=2
  |A|=  8 diam=  7 runs=1 run_lengths=[8] m=2
  |A|=  2 diam=  2 runs=2 run_lengths=[1,1] m=2
  |A|=  2 diam=  2 runs=2 run_lengths=[1,1] m=2
  |A|=  2 diam=  2 runs=2 run_lengths=[1,1] m=2
  |A|=  2 diam=  6 runs=2 run_lengths=[1,1] m=2
  |A|=  2 diam=  4 runs=2 run_lengths=[1,1] m=2
  |A|=  2 diam=  4 runs=2 run_lengths=[1,1] m=2
  |A|=  2 diam=  4 runs=2 run_lengths=[1,1] m=2
  |A|=  2 diam=  8 runs=2 run_lengths=[1,1] m=2
  |A|=  4 diam=  4 runs=2 run_lengths=[2,2] m=2
  |A|=  4 diam=  8 runs=2 run_lengths=[2,2] m=2
  |A|=  4 diam=  7 runs=2 run_lengths=[1,3] m=2
  |A|=  4 diam=  7 runs=2 run_lengths=[2,2] m=2
  |A|=  4 diam=  5 runs=2 run_lengths=[2,2] m=2
  |A|=  4 diam=  5 runs=2 run_lengths=[2,2] m=2
  |A|=  4 diam=  5 runs=2 run_lengths=[2,2] m=2
  |A|=  6 diam=  6 runs=2 run_lengths=[5,1] m=2
  |A|=  6 diam=  6 runs=2 run_lengths=[3,3] m=2
  |A|=  4 diam=  5 runs=3 run_lengths=[1,2,1] m=2
  |A|=  4 diam=  8 runs=3 run_lengths=[2,1,1] m=2
  |A|=  4 diam=  7 runs=3 run_lengths=[1,2,1] m=2
  |A|=  4 diam=  6 runs=4 run_lengths=[1,1,1,1] m=2
  |A|=  4 diam=  6 runs=4 run_lengths=[1,1,1,1] m=2
  |A|=  6 diam=  8 runs=4 run_lengths=[2,1,1,2] m=2

=== n=11: distinct sets=37  total pairs=(n-2)^2=81  largest diam=9 multiplicity=2 ===
  weighted span histogram diam->mult: 2:8 3:6 4:8 5:8 6:12 7:10 8:12 9:8
  |A|=  0 diam=  - runs=0 run_lengths=[] m=9
  |A|=  4 diam=  3 runs=1 run_lengths=[4] m=2
  |A|=  4 diam=  3 runs=1 run_lengths=[4] m=2
  |A|=  4 diam=  3 runs=1 run_lengths=[4] m=2
  |A|=  8 diam=  7 runs=1 run_lengths=[8] m=2
  |A|=  8 diam=  7 runs=1 run_lengths=[8] m=2
  |A|=  2 diam=  2 runs=2 run_lengths=[1,1] m=2
  |A|=  2 diam=  2 runs=2 run_lengths=[1,1] m=2
  |A|=  2 diam=  2 runs=2 run_lengths=[1,1] m=2
  |A|=  2 diam=  6 runs=2 run_lengths=[1,1] m=2
  |A|=  2 diam=  2 runs=2 run_lengths=[1,1] m=2
  |A|=  2 diam=  4 runs=2 run_lengths=[1,1] m=2
  |A|=  2 diam=  4 runs=2 run_lengths=[1,1] m=2
  |A|=  2 diam=  4 runs=2 run_lengths=[1,1] m=2
  |A|=  2 diam=  8 runs=2 run_lengths=[1,1] m=2
  |A|=  2 diam=  8 runs=2 run_lengths=[1,1] m=2
  |A|=  4 diam=  4 runs=2 run_lengths=[2,2] m=2
  |A|=  4 diam=  8 runs=2 run_lengths=[2,2] m=2
  |A|=  4 diam=  7 runs=2 run_lengths=[1,3] m=2
  |A|=  4 diam=  7 runs=2 run_lengths=[2,2] m=2
  |A|=  4 diam=  5 runs=2 run_lengths=[2,2] m=2
  |A|=  4 diam=  5 runs=2 run_lengths=[2,2] m=2
  |A|=  4 diam=  5 runs=2 run_lengths=[2,2] m=2
  |A|=  4 diam=  9 runs=2 run_lengths=[2,2] m=2
  |A|=  6 diam=  6 runs=2 run_lengths=[5,1] m=2
  |A|=  6 diam=  6 runs=2 run_lengths=[3,3] m=2
  |A|=  4 diam=  5 runs=3 run_lengths=[1,2,1] m=2
  |A|=  4 diam=  8 runs=3 run_lengths=[2,1,1] m=2
  |A|=  4 diam=  7 runs=3 run_lengths=[1,2,1] m=2
  |A|=  8 diam=  9 runs=3 run_lengths=[1,6,1] m=2
  |A|=  4 diam=  9 runs=4 run_lengths=[1,1,1,1] m=2
  |A|=  4 diam=  8 runs=4 run_lengths=[1,1,1,1] m=2
  |A|=  4 diam=  6 runs=4 run_lengths=[1,1,1,1] m=2
  |A|=  4 diam=  6 runs=4 run_lengths=[1,1,1,1] m=2
  |A|=  4 diam=  6 runs=4 run_lengths=[1,1,1,1] m=2
  |A|=  6 diam=  9 runs=4 run_lengths=[1,1,2,2] m=2
  |A|=  6 diam=  8 runs=4 run_lengths=[2,1,1,2] m=2

=== n=12: distinct sets=46  total pairs=(n-2)^2=100  largest diam=10 multiplicity=2 ===
  weighted span histogram diam->mult: 2:8 3:8 4:8 5:8 6:12 7:12 8:12 9:12 10:10
  |A|=  0 diam=  - runs=0 run_lengths=[] m=10
  |A|=  4 diam=  3 runs=1 run_lengths=[4] m=2
  |A|=  4 diam=  3 runs=1 run_lengths=[4] m=2
  |A|=  4 diam=  3 runs=1 run_lengths=[4] m=2
  |A|=  4 diam=  3 runs=1 run_lengths=[4] m=2
  |A|=  8 diam=  7 runs=1 run_lengths=[8] m=2
  |A|=  8 diam=  7 runs=1 run_lengths=[8] m=2
  |A|=  8 diam=  7 runs=1 run_lengths=[8] m=2
  |A|=  2 diam=  2 runs=2 run_lengths=[1,1] m=2
  |A|=  2 diam=  2 runs=2 run_lengths=[1,1] m=2
  |A|=  2 diam=  2 runs=2 run_lengths=[1,1] m=2
  |A|=  2 diam=  6 runs=2 run_lengths=[1,1] m=2
  |A|=  2 diam=  2 runs=2 run_lengths=[1,1] m=2
  |A|=  2 diam=  4 runs=2 run_lengths=[1,1] m=2
  |A|=  2 diam=  4 runs=2 run_lengths=[1,1] m=2
  |A|=  2 diam=  4 runs=2 run_lengths=[1,1] m=2
  |A|=  2 diam=  8 runs=2 run_lengths=[1,1] m=2
  |A|=  2 diam=  8 runs=2 run_lengths=[1,1] m=2
  |A|=  4 diam=  4 runs=2 run_lengths=[2,2] m=2
  |A|=  4 diam=  8 runs=2 run_lengths=[2,2] m=2
  |A|=  4 diam=  7 runs=2 run_lengths=[1,3] m=2
  |A|=  4 diam=  7 runs=2 run_lengths=[2,2] m=2
  |A|=  4 diam=  5 runs=2 run_lengths=[2,2] m=2
  |A|=  4 diam=  5 runs=2 run_lengths=[2,2] m=2
  |A|=  4 diam=  5 runs=2 run_lengths=[2,2] m=2
  |A|=  4 diam=  9 runs=2 run_lengths=[2,2] m=2
  |A|=  4 diam=  9 runs=2 run_lengths=[2,2] m=2
  |A|=  6 diam=  6 runs=2 run_lengths=[5,1] m=2
  |A|=  6 diam=  6 runs=2 run_lengths=[3,3] m=2
  |A|=  6 diam= 10 runs=2 run_lengths=[3,3] m=2
  |A|=  8 diam= 10 runs=2 run_lengths=[4,4] m=2
  |A|=  8 diam=  9 runs=2 run_lengths=[4,4] m=2
  |A|=  4 diam=  5 runs=3 run_lengths=[1,2,1] m=2
  |A|=  4 diam=  8 runs=3 run_lengths=[2,1,1] m=2
  |A|=  4 diam=  7 runs=3 run_lengths=[1,2,1] m=2
  |A|=  6 diam= 10 runs=3 run_lengths=[4,1,1] m=2
  |A|=  8 diam=  9 runs=3 run_lengths=[1,6,1] m=2
  |A|=  4 diam=  9 runs=4 run_lengths=[1,1,1,1] m=2
  |A|=  4 diam=  8 runs=4 run_lengths=[1,1,1,1] m=2
  |A|=  4 diam=  6 runs=4 run_lengths=[1,1,1,1] m=2
  |A|=  4 diam=  6 runs=4 run_lengths=[1,1,1,1] m=2
  |A|=  4 diam=  6 runs=4 run_lengths=[1,1,1,1] m=2
  |A|=  4 diam= 10 runs=4 run_lengths=[1,1,1,1] m=2
  |A|=  6 diam=  9 runs=4 run_lengths=[1,1,2,2] m=2
  |A|=  6 diam=  8 runs=4 run_lengths=[2,1,1,2] m=2
  |A|=  8 diam= 10 runs=4 run_lengths=[4,1,2,1] m=2

=== n=13: distinct sets=56  total pairs=(n-2)^2=121  largest diam=11 multiplicity=2 ===
  weighted span histogram diam->mult: 2:8 3:8 4:10 5:8 6:12 7:12 8:14 9:12 10:16 11:10
  |A|=  0 diam=  - runs=0 run_lengths=[] m=11
  |A|=  4 diam=  3 runs=1 run_lengths=[4] m=2
  |A|=  4 diam=  3 runs=1 run_lengths=[4] m=2
  |A|=  4 diam=  3 runs=1 run_lengths=[4] m=2
  |A|=  4 diam=  3 runs=1 run_lengths=[4] m=2
  |A|=  8 diam=  7 runs=1 run_lengths=[8] m=2
  |A|=  8 diam=  7 runs=1 run_lengths=[8] m=2
  |A|=  8 diam=  7 runs=1 run_lengths=[8] m=2
  |A|=  2 diam=  2 runs=2 run_lengths=[1,1] m=2
  |A|=  2 diam=  2 runs=2 run_lengths=[1,1] m=2
  |A|=  2 diam=  2 runs=2 run_lengths=[1,1] m=2
  |A|=  2 diam=  6 runs=2 run_lengths=[1,1] m=2
  |A|=  2 diam=  2 runs=2 run_lengths=[1,1] m=2
  |A|=  2 diam=  4 runs=2 run_lengths=[1,1] m=2
  |A|=  2 diam=  4 runs=2 run_lengths=[1,1] m=2
  |A|=  2 diam=  4 runs=2 run_lengths=[1,1] m=2
  |A|=  2 diam=  4 runs=2 run_lengths=[1,1] m=2
  |A|=  2 diam=  8 runs=2 run_lengths=[1,1] m=2
  |A|=  2 diam=  8 runs=2 run_lengths=[1,1] m=2
  |A|=  2 diam=  8 runs=2 run_lengths=[1,1] m=2
  |A|=  4 diam=  4 runs=2 run_lengths=[2,2] m=2
  |A|=  4 diam=  8 runs=2 run_lengths=[2,2] m=2
  |A|=  4 diam=  7 runs=2 run_lengths=[1,3] m=2
  |A|=  4 diam=  7 runs=2 run_lengths=[2,2] m=2
  |A|=  4 diam=  5 runs=2 run_lengths=[2,2] m=2
  |A|=  4 diam=  5 runs=2 run_lengths=[2,2] m=2
  |A|=  4 diam=  5 runs=2 run_lengths=[2,2] m=2
  |A|=  4 diam=  9 runs=2 run_lengths=[2,2] m=2
  |A|=  4 diam=  9 runs=2 run_lengths=[2,2] m=2
  |A|=  6 diam=  6 runs=2 run_lengths=[5,1] m=2
  |A|=  6 diam=  6 runs=2 run_lengths=[3,3] m=2
  |A|=  6 diam= 10 runs=2 run_lengths=[3,3] m=2
  |A|=  8 diam= 10 runs=2 run_lengths=[4,4] m=2
  |A|=  8 diam=  9 runs=2 run_lengths=[4,4] m=2
  |A|=  8 diam= 11 runs=2 run_lengths=[4,4] m=2
  |A|=  4 diam=  5 runs=3 run_lengths=[1,2,1] m=2
  |A|=  4 diam=  8 runs=3 run_lengths=[2,1,1] m=2
  |A|=  4 diam=  7 runs=3 run_lengths=[1,2,1] m=2
  |A|=  6 diam= 10 runs=3 run_lengths=[4,1,1] m=2
  |A|=  6 diam= 11 runs=3 run_lengths=[1,1,4] m=2
  |A|=  8 diam=  9 runs=3 run_lengths=[1,6,1] m=2
  |A|=  8 diam= 11 runs=3 run_lengths=[1,4,3] m=2
  |A|=  4 diam= 10 runs=4 run_lengths=[1,1,1,1] m=2
  |A|=  4 diam=  9 runs=4 run_lengths=[1,1,1,1] m=2
  |A|=  4 diam=  8 runs=4 run_lengths=[1,1,1,1] m=2
  |A|=  4 diam= 11 runs=4 run_lengths=[1,1,1,1] m=2
  |A|=  4 diam=  6 runs=4 run_lengths=[1,1,1,1] m=2
  |A|=  4 diam=  6 runs=4 run_lengths=[1,1,1,1] m=2
  |A|=  4 diam=  6 runs=4 run_lengths=[1,1,1,1] m=2
  |A|=  4 diam= 10 runs=4 run_lengths=[1,1,1,1] m=2
  |A|=  4 diam= 11 runs=4 run_lengths=[1,1,1,1] m=2
  |A|=  4 diam= 10 runs=4 run_lengths=[1,1,1,1] m=2
  |A|=  4 diam= 10 runs=4 run_lengths=[1,1,1,1] m=2
  |A|=  6 diam=  9 runs=4 run_lengths=[1,1,2,2] m=2
  |A|=  6 diam=  8 runs=4 run_lengths=[2,1,1,2] m=2
  |A|=  8 diam= 10 runs=4 run_lengths=[4,1,2,1] m=2

=== n=14: distinct sets=67  total pairs=(n-2)^2=144  largest diam=12 multiplicity=2 ===
  weighted span histogram diam->mult: 2:8 3:8 4:10 5:10 6:12 7:12 8:14 9:14 10:16 11:16 12:12
  |A|=  0 diam=  - runs=0 run_lengths=[] m=12
  |A|=  4 diam=  3 runs=1 run_lengths=[4] m=2
  |A|=  4 diam=  3 runs=1 run_lengths=[4] m=2
  |A|=  4 diam=  3 runs=1 run_lengths=[4] m=2
  |A|=  4 diam=  3 runs=1 run_lengths=[4] m=2
  |A|=  8 diam=  7 runs=1 run_lengths=[8] m=2
  |A|=  8 diam=  7 runs=1 run_lengths=[8] m=2
  |A|=  8 diam=  7 runs=1 run_lengths=[8] m=2
  |A|=  2 diam=  2 runs=2 run_lengths=[1,1] m=2
  |A|=  2 diam=  2 runs=2 run_lengths=[1,1] m=2
  |A|=  2 diam=  2 runs=2 run_lengths=[1,1] m=2
  |A|=  2 diam=  6 runs=2 run_lengths=[1,1] m=2
  |A|=  2 diam=  2 runs=2 run_lengths=[1,1] m=2
  |A|=  2 diam=  4 runs=2 run_lengths=[1,1] m=2
  |A|=  2 diam=  4 runs=2 run_lengths=[1,1] m=2
  |A|=  2 diam=  4 runs=2 run_lengths=[1,1] m=2
  |A|=  2 diam=  4 runs=2 run_lengths=[1,1] m=2
  |A|=  2 diam=  8 runs=2 run_lengths=[1,1] m=2
  |A|=  2 diam=  8 runs=2 run_lengths=[1,1] m=2
  |A|=  2 diam=  8 runs=2 run_lengths=[1,1] m=2
  |A|=  4 diam=  4 runs=2 run_lengths=[2,2] m=2
  |A|=  4 diam=  8 runs=2 run_lengths=[2,2] m=2
  |A|=  4 diam=  7 runs=2 run_lengths=[1,3] m=2
  |A|=  4 diam=  7 runs=2 run_lengths=[2,2] m=2
  |A|=  4 diam=  5 runs=2 run_lengths=[2,2] m=2
  |A|=  4 diam=  5 runs=2 run_lengths=[2,2] m=2
  |A|=  4 diam=  5 runs=2 run_lengths=[2,2] m=2
  |A|=  4 diam=  5 runs=2 run_lengths=[2,2] m=2
  |A|=  4 diam=  9 runs=2 run_lengths=[2,2] m=2
  |A|=  4 diam=  9 runs=2 run_lengths=[2,2] m=2
  |A|=  4 diam=  9 runs=2 run_lengths=[2,2] m=2
  |A|=  6 diam=  6 runs=2 run_lengths=[5,1] m=2
  |A|=  6 diam=  6 runs=2 run_lengths=[3,3] m=2
  |A|=  6 diam= 10 runs=2 run_lengths=[3,3] m=2
  |A|=  8 diam= 10 runs=2 run_lengths=[4,4] m=2
  |A|=  8 diam=  9 runs=2 run_lengths=[4,4] m=2
  |A|=  8 diam= 11 runs=2 run_lengths=[4,4] m=2
  |A|=  8 diam= 11 runs=2 run_lengths=[4,4] m=2
  |A|=  4 diam=  5 runs=3 run_lengths=[1,2,1] m=2
  |A|=  4 diam=  8 runs=3 run_lengths=[2,1,1] m=2
  |A|=  4 diam=  7 runs=3 run_lengths=[1,2,1] m=2
  |A|=  6 diam= 10 runs=3 run_lengths=[4,1,1] m=2
  |A|=  6 diam= 11 runs=3 run_lengths=[1,1,4] m=2
  |A|=  8 diam= 11 runs=3 run_lengths=[2,2,4] m=2
  |A|=  8 diam=  9 runs=3 run_lengths=[1,6,1] m=2
  |A|=  8 diam= 11 runs=3 run_lengths=[1,4,3] m=2
  |A|=  8 diam= 11 runs=3 run_lengths=[2,4,2] m=2
  |A|=  4 diam= 10 runs=4 run_lengths=[1,1,1,1] m=2
  |A|=  4 diam=  9 runs=4 run_lengths=[1,1,1,1] m=2
  |A|=  4 diam=  8 runs=4 run_lengths=[1,1,1,1] m=2
  |A|=  4 diam= 11 runs=4 run_lengths=[1,1,1,1] m=2
  |A|=  4 diam=  6 runs=4 run_lengths=[1,1,1,1] m=2
  |A|=  4 diam=  6 runs=4 run_lengths=[1,1,1,1] m=2
  |A|=  4 diam=  6 runs=4 run_lengths=[1,1,1,1] m=2
  |A|=  4 diam= 10 runs=4 run_lengths=[1,1,1,1] m=2
  |A|=  4 diam= 11 runs=4 run_lengths=[1,1,1,1] m=2
  |A|=  4 diam= 10 runs=4 run_lengths=[1,1,1,1] m=2
  |A|=  4 diam= 10 runs=4 run_lengths=[1,1,1,1] m=2
  |A|=  4 diam= 12 runs=4 run_lengths=[1,1,1,1] m=2
  |A|=  6 diam= 12 runs=4 run_lengths=[2,2,1,1] m=2
  |A|=  6 diam=  9 runs=4 run_lengths=[1,1,2,2] m=2
  |A|=  6 diam=  8 runs=4 run_lengths=[2,1,1,2] m=2
  |A|=  6 diam= 12 runs=4 run_lengths=[2,1,2,1] m=2
  |A|=  8 diam= 12 runs=4 run_lengths=[2,2,2,2] m=2
  |A|=  8 diam= 10 runs=4 run_lengths=[4,1,2,1] m=2
  |A|=  8 diam= 12 runs=4 run_lengths=[2,2,2,2] m=2
  |A|=  8 diam= 12 runs=4 run_lengths=[2,2,2,2] m=2

=== n=15: distinct sets=79  total pairs=(n-2)^2=169  largest diam=13 multiplicity=2 ===
  weighted span histogram diam->mult: 2:8 3:8 4:10 5:10 6:14 7:12 8:14 9:14 10:20 11:16 12:18 13:12
  |A|=  0 diam=  - runs=0 run_lengths=[] m=13
  |A|=  4 diam=  3 runs=1 run_lengths=[4] m=2
  |A|=  4 diam=  3 runs=1 run_lengths=[4] m=2
  |A|=  4 diam=  3 runs=1 run_lengths=[4] m=2
  |A|=  4 diam=  3 runs=1 run_lengths=[4] m=2
  |A|=  8 diam=  7 runs=1 run_lengths=[8] m=2
  |A|=  8 diam=  7 runs=1 run_lengths=[8] m=2
  |A|=  8 diam=  7 runs=1 run_lengths=[8] m=2
  |A|=  2 diam=  2 runs=2 run_lengths=[1,1] m=2
  |A|=  2 diam=  2 runs=2 run_lengths=[1,1] m=2
  |A|=  2 diam=  2 runs=2 run_lengths=[1,1] m=2
  |A|=  2 diam=  6 runs=2 run_lengths=[1,1] m=2
  |A|=  2 diam=  2 runs=2 run_lengths=[1,1] m=2
  |A|=  2 diam=  4 runs=2 run_lengths=[1,1] m=2
  |A|=  2 diam=  4 runs=2 run_lengths=[1,1] m=2
  |A|=  2 diam=  4 runs=2 run_lengths=[1,1] m=2
  |A|=  2 diam=  4 runs=2 run_lengths=[1,1] m=2
  |A|=  2 diam=  8 runs=2 run_lengths=[1,1] m=2
  |A|=  2 diam=  8 runs=2 run_lengths=[1,1] m=2
  |A|=  2 diam=  8 runs=2 run_lengths=[1,1] m=2
  |A|=  4 diam=  4 runs=2 run_lengths=[2,2] m=2
  |A|=  4 diam=  8 runs=2 run_lengths=[2,2] m=2
  |A|=  4 diam=  7 runs=2 run_lengths=[1,3] m=2
  |A|=  4 diam=  7 runs=2 run_lengths=[2,2] m=2
  |A|=  4 diam=  5 runs=2 run_lengths=[2,2] m=2
  |A|=  4 diam=  5 runs=2 run_lengths=[2,2] m=2
  |A|=  4 diam=  5 runs=2 run_lengths=[2,2] m=2
  |A|=  4 diam=  5 runs=2 run_lengths=[2,2] m=2
  |A|=  4 diam=  9 runs=2 run_lengths=[2,2] m=2
  |A|=  4 diam=  9 runs=2 run_lengths=[2,2] m=2
  |A|=  4 diam=  9 runs=2 run_lengths=[2,2] m=2
  |A|=  6 diam=  6 runs=2 run_lengths=[5,1] m=2
  |A|=  6 diam=  6 runs=2 run_lengths=[3,3] m=2
  |A|=  6 diam= 10 runs=2 run_lengths=[3,3] m=2
  |A|=  8 diam= 10 runs=2 run_lengths=[4,4] m=2
  |A|=  8 diam=  9 runs=2 run_lengths=[4,4] m=2
  |A|=  8 diam= 11 runs=2 run_lengths=[4,4] m=2
  |A|=  8 diam= 11 runs=2 run_lengths=[4,4] m=2
  |A|=  4 diam=  5 runs=3 run_lengths=[1,2,1] m=2
  |A|=  4 diam=  8 runs=3 run_lengths=[2,1,1] m=2
  |A|=  4 diam=  7 runs=3 run_lengths=[1,2,1] m=2
  |A|=  6 diam= 10 runs=3 run_lengths=[4,1,1] m=2
  |A|=  6 diam= 11 runs=3 run_lengths=[1,1,4] m=2
  |A|=  8 diam= 11 runs=3 run_lengths=[2,2,4] m=2
  |A|=  8 diam=  9 runs=3 run_lengths=[1,6,1] m=2
  |A|=  8 diam= 11 runs=3 run_lengths=[1,4,3] m=2
  |A|=  8 diam= 11 runs=3 run_lengths=[2,4,2] m=2
  |A|=  4 diam= 10 runs=4 run_lengths=[1,1,1,1] m=2
  |A|=  4 diam=  9 runs=4 run_lengths=[1,1,1,1] m=2
  |A|=  4 diam=  8 runs=4 run_lengths=[1,1,1,1] m=2
  |A|=  4 diam= 11 runs=4 run_lengths=[1,1,1,1] m=2
  |A|=  4 diam=  6 runs=4 run_lengths=[1,1,1,1] m=2
  |A|=  4 diam=  6 runs=4 run_lengths=[1,1,1,1] m=2
  |A|=  4 diam=  6 runs=4 run_lengths=[1,1,1,1] m=2
  |A|=  4 diam= 10 runs=4 run_lengths=[1,1,1,1] m=2
  |A|=  4 diam=  6 runs=4 run_lengths=[1,1,1,1] m=2
  |A|=  4 diam= 11 runs=4 run_lengths=[1,1,1,1] m=2
  |A|=  4 diam= 10 runs=4 run_lengths=[1,1,1,1] m=2
  |A|=  4 diam= 10 runs=4 run_lengths=[1,1,1,1] m=2
  |A|=  4 diam= 10 runs=4 run_lengths=[1,1,1,1] m=2
  |A|=  4 diam= 12 runs=4 run_lengths=[1,1,1,1] m=2
  |A|=  4 diam= 12 runs=4 run_lengths=[1,1,1,1] m=2
  |A|=  6 diam= 12 runs=4 run_lengths=[2,2,1,1] m=2
  |A|=  6 diam=  9 runs=4 run_lengths=[1,1,2,2] m=2
  |A|=  6 diam=  8 runs=4 run_lengths=[2,1,1,2] m=2
  |A|=  6 diam= 12 runs=4 run_lengths=[2,1,2,1] m=2
  |A|=  8 diam= 12 runs=4 run_lengths=[2,2,2,2] m=2
  |A|=  8 diam= 10 runs=4 run_lengths=[4,1,2,1] m=2
  |A|=  8 diam= 12 runs=4 run_lengths=[2,2,2,2] m=2
  |A|=  8 diam= 12 runs=4 run_lengths=[2,2,2,2] m=2
  |A|=  8 diam= 13 runs=4 run_lengths=[2,2,2,2] m=2
  |A|=  6 diam= 10 runs=6 run_lengths=[1,1,1,1,1,1] m=2
  |A|=  6 diam= 12 runs=6 run_lengths=[1,1,1,1,1,1] m=2
  |A|=  6 diam= 12 runs=6 run_lengths=[1,1,1,1,1,1] m=2
  |A|=  8 diam= 13 runs=6 run_lengths=[1,1,1,1,2,2] m=2
  |A|=  8 diam= 13 runs=6 run_lengths=[1,1,2,1,1,2] m=2
  |A|=  8 diam= 13 runs=6 run_lengths=[1,2,1,1,2,1] m=2
  |A|=  8 diam= 13 runs=7 run_lengths=[1,1,1,1,1,2,1] m=2
  |A|=  8 diam= 13 runs=7 run_lengths=[1,1,1,2,1,1,1] m=2

=== n=16: distinct sets=92  total pairs=(n-2)^2=196  largest diam=14 multiplicity=2 ===
  weighted span histogram diam->mult: 2:8 3:8 4:10 5:10 6:14 7:14 8:14 9:14 10:20 11:20 12:18 13:18 14:14
  |A|=  0 diam=  - runs=0 run_lengths=[] m=14
  |A|=  4 diam=  3 runs=1 run_lengths=[4] m=2
  |A|=  4 diam=  3 runs=1 run_lengths=[4] m=2
  |A|=  4 diam=  3 runs=1 run_lengths=[4] m=2
  |A|=  4 diam=  3 runs=1 run_lengths=[4] m=2
  |A|=  8 diam=  7 runs=1 run_lengths=[8] m=2
  |A|=  8 diam=  7 runs=1 run_lengths=[8] m=2
  |A|=  8 diam=  7 runs=1 run_lengths=[8] m=2
  |A|=  8 diam=  7 runs=1 run_lengths=[8] m=2
  |A|= 12 diam= 11 runs=1 run_lengths=[12] m=2
  |A|=  2 diam=  2 runs=2 run_lengths=[1,1] m=2
  |A|=  2 diam=  2 runs=2 run_lengths=[1,1] m=2
  |A|=  2 diam=  2 runs=2 run_lengths=[1,1] m=2
  |A|=  2 diam=  6 runs=2 run_lengths=[1,1] m=2
  |A|=  2 diam=  2 runs=2 run_lengths=[1,1] m=2
  |A|=  2 diam=  4 runs=2 run_lengths=[1,1] m=2
  |A|=  2 diam=  4 runs=2 run_lengths=[1,1] m=2
  |A|=  2 diam=  4 runs=2 run_lengths=[1,1] m=2
  |A|=  2 diam=  4 runs=2 run_lengths=[1,1] m=2
  |A|=  2 diam=  8 runs=2 run_lengths=[1,1] m=2
  |A|=  2 diam=  8 runs=2 run_lengths=[1,1] m=2
  |A|=  2 diam=  8 runs=2 run_lengths=[1,1] m=2
  |A|=  4 diam=  4 runs=2 run_lengths=[2,2] m=2
  |A|=  4 diam=  8 runs=2 run_lengths=[2,2] m=2
  |A|=  4 diam=  7 runs=2 run_lengths=[1,3] m=2
  |A|=  4 diam=  7 runs=2 run_lengths=[2,2] m=2
  |A|=  4 diam=  5 runs=2 run_lengths=[2,2] m=2
  |A|=  4 diam=  5 runs=2 run_lengths=[2,2] m=2
  |A|=  4 diam=  5 runs=2 run_lengths=[2,2] m=2
  |A|=  4 diam=  5 runs=2 run_lengths=[2,2] m=2
  |A|=  4 diam=  9 runs=2 run_lengths=[2,2] m=2
  |A|=  4 diam=  9 runs=2 run_lengths=[2,2] m=2
  |A|=  4 diam=  9 runs=2 run_lengths=[2,2] m=2
  |A|=  6 diam=  6 runs=2 run_lengths=[5,1] m=2
  |A|=  6 diam=  6 runs=2 run_lengths=[3,3] m=2
  |A|=  6 diam= 10 runs=2 run_lengths=[3,3] m=2
  |A|=  8 diam= 10 runs=2 run_lengths=[4,4] m=2
  |A|=  8 diam=  9 runs=2 run_lengths=[4,4] m=2
  |A|=  8 diam= 11 runs=2 run_lengths=[4,4] m=2
  |A|=  8 diam= 11 runs=2 run_lengths=[4,4] m=2
  |A|=  8 diam= 11 runs=2 run_lengths=[4,4] m=2
  |A|= 12 diam= 13 runs=2 run_lengths=[10,2] m=2
  |A|= 12 diam= 13 runs=2 run_lengths=[6,6] m=2
  |A|= 14 diam= 14 runs=2 run_lengths=[13,1] m=2
  |A|= 14 diam= 14 runs=2 run_lengths=[11,3] m=2
  |A|= 14 diam= 14 runs=2 run_lengths=[7,7] m=2
  |A|=  4 diam=  5 runs=3 run_lengths=[1,2,1] m=2
  |A|=  4 diam=  8 runs=3 run_lengths=[2,1,1] m=2
  |A|=  4 diam=  7 runs=3 run_lengths=[1,2,1] m=2
  |A|=  6 diam= 10 runs=3 run_lengths=[4,1,1] m=2
  |A|=  6 diam= 11 runs=3 run_lengths=[1,1,4] m=2
  |A|=  8 diam= 11 runs=3 run_lengths=[2,2,4] m=2
  |A|=  8 diam=  9 runs=3 run_lengths=[1,6,1] m=2
  |A|=  8 diam= 11 runs=3 run_lengths=[1,4,3] m=2
  |A|=  8 diam= 11 runs=3 run_lengths=[2,4,2] m=2
  |A|=  4 diam= 10 runs=4 run_lengths=[1,1,1,1] m=2
  |A|=  4 diam=  9 runs=4 run_lengths=[1,1,1,1] m=2
  |A|=  4 diam=  8 runs=4 run_lengths=[1,1,1,1] m=2
  |A|=  4 diam= 11 runs=4 run_lengths=[1,1,1,1] m=2
  |A|=  4 diam=  6 runs=4 run_lengths=[1,1,1,1] m=2
  |A|=  4 diam=  6 runs=4 run_lengths=[1,1,1,1] m=2
  |A|=  4 diam=  6 runs=4 run_lengths=[1,1,1,1] m=2
  |A|=  4 diam= 10 runs=4 run_lengths=[1,1,1,1] m=2
  |A|=  4 diam=  6 runs=4 run_lengths=[1,1,1,1] m=2
  |A|=  4 diam= 11 runs=4 run_lengths=[1,1,1,1] m=2
  |A|=  4 diam= 10 runs=4 run_lengths=[1,1,1,1] m=2
  |A|=  4 diam= 10 runs=4 run_lengths=[1,1,1,1] m=2
  |A|=  4 diam= 10 runs=4 run_lengths=[1,1,1,1] m=2
  |A|=  4 diam= 12 runs=4 run_lengths=[1,1,1,1] m=2
  |A|=  4 diam= 12 runs=4 run_lengths=[1,1,1,1] m=2
  |A|=  6 diam= 12 runs=4 run_lengths=[2,2,1,1] m=2
  |A|=  6 diam=  9 runs=4 run_lengths=[1,1,2,2] m=2
  |A|=  6 diam=  8 runs=4 run_lengths=[2,1,1,2] m=2
  |A|=  6 diam= 12 runs=4 run_lengths=[2,1,2,1] m=2
  |A|=  8 diam= 12 runs=4 run_lengths=[2,2,2,2] m=2
  |A|=  8 diam= 10 runs=4 run_lengths=[4,1,2,1] m=2
  |A|=  8 diam= 12 runs=4 run_lengths=[2,2,2,2] m=2
  |A|=  8 diam= 12 runs=4 run_lengths=[2,2,2,2] m=2
  |A|=  8 diam= 13 runs=4 run_lengths=[2,2,2,2] m=2
  |A|=  8 diam= 13 runs=4 run_lengths=[2,2,2,2] m=2
  |A|= 12 diam= 14 runs=4 run_lengths=[9,1,1,1] m=2
  |A|= 12 diam= 14 runs=4 run_lengths=[5,1,5,1] m=2
  |A|= 12 diam= 14 runs=4 run_lengths=[3,3,3,3] m=2
  |A|=  6 diam= 10 runs=6 run_lengths=[1,1,1,1,1,1] m=2
  |A|=  6 diam= 12 runs=6 run_lengths=[1,1,1,1,1,1] m=2
  |A|=  6 diam= 12 runs=6 run_lengths=[1,1,1,1,1,1] m=2
  |A|=  8 diam= 13 runs=6 run_lengths=[1,1,1,1,2,2] m=2
  |A|=  8 diam= 13 runs=6 run_lengths=[1,1,2,1,1,2] m=2
  |A|=  8 diam= 13 runs=6 run_lengths=[1,2,1,1,2,1] m=2
  |A|=  8 diam= 13 runs=7 run_lengths=[1,1,1,1,1,2,1] m=2
  |A|=  8 diam= 13 runs=7 run_lengths=[1,1,1,2,1,1,1] m=2
  |A|=  8 diam= 14 runs=8 run_lengths=[1,1,1,1,1,1,1,1] m=2

=== n=17: distinct sets=106  total pairs=(n-2)^2=225  largest diam=15 multiplicity=2 ===
  weighted span histogram diam->mult: 2:8 3:8 4:10 5:10 6:14 7:14 8:16 9:14 10:20 11:20 12:22 13:18 14:22 15:14
  |A|=  0 diam=  - runs=0 run_lengths=[] m=15
  |A|=  4 diam=  3 runs=1 run_lengths=[4] m=2
  |A|=  4 diam=  3 runs=1 run_lengths=[4] m=2
  |A|=  4 diam=  3 runs=1 run_lengths=[4] m=2
  |A|=  4 diam=  3 runs=1 run_lengths=[4] m=2
  |A|=  8 diam=  7 runs=1 run_lengths=[8] m=2
  |A|=  8 diam=  7 runs=1 run_lengths=[8] m=2
  |A|=  8 diam=  7 runs=1 run_lengths=[8] m=2
  |A|=  8 diam=  7 runs=1 run_lengths=[8] m=2
  |A|= 12 diam= 11 runs=1 run_lengths=[12] m=2
  |A|= 16 diam= 15 runs=1 run_lengths=[16] m=2
  |A|=  2 diam=  2 runs=2 run_lengths=[1,1] m=2
  |A|=  2 diam=  2 runs=2 run_lengths=[1,1] m=2
  |A|=  2 diam=  2 runs=2 run_lengths=[1,1] m=2
  |A|=  2 diam=  6 runs=2 run_lengths=[1,1] m=2
  |A|=  2 diam=  2 runs=2 run_lengths=[1,1] m=2
  |A|=  2 diam= 14 runs=2 run_lengths=[1,1] m=2
  |A|=  2 diam=  4 runs=2 run_lengths=[1,1] m=2
  |A|=  2 diam=  4 runs=2 run_lengths=[1,1] m=2
  |A|=  2 diam=  4 runs=2 run_lengths=[1,1] m=2
  |A|=  2 diam=  4 runs=2 run_lengths=[1,1] m=2
  |A|=  2 diam= 12 runs=2 run_lengths=[1,1] m=2
  |A|=  2 diam=  8 runs=2 run_lengths=[1,1] m=2
  |A|=  2 diam=  8 runs=2 run_lengths=[1,1] m=2
  |A|=  2 diam=  8 runs=2 run_lengths=[1,1] m=2
  |A|=  2 diam=  8 runs=2 run_lengths=[1,1] m=2
  |A|=  4 diam=  4 runs=2 run_lengths=[2,2] m=2
  |A|=  4 diam=  8 runs=2 run_lengths=[2,2] m=2
  |A|=  4 diam=  7 runs=2 run_lengths=[1,3] m=2
  |A|=  4 diam=  7 runs=2 run_lengths=[2,2] m=2
  |A|=  4 diam= 15 runs=2 run_lengths=[1,3] m=2
  |A|=  4 diam=  5 runs=2 run_lengths=[2,2] m=2
  |A|=  4 diam=  5 runs=2 run_lengths=[2,2] m=2
  |A|=  4 diam=  5 runs=2 run_lengths=[2,2] m=2
  |A|=  4 diam=  5 runs=2 run_lengths=[2,2] m=2
  |A|=  4 diam=  9 runs=2 run_lengths=[2,2] m=2
  |A|=  4 diam=  9 runs=2 run_lengths=[2,2] m=2
  |A|=  4 diam=  9 runs=2 run_lengths=[2,2] m=2
  |A|=  6 diam=  6 runs=2 run_lengths=[5,1] m=2
  |A|=  6 diam=  6 runs=2 run_lengths=[3,3] m=2
  |A|=  6 diam= 10 runs=2 run_lengths=[3,3] m=2
  |A|=  8 diam= 10 runs=2 run_lengths=[4,4] m=2
  |A|=  8 diam=  9 runs=2 run_lengths=[4,4] m=2
  |A|=  8 diam= 15 runs=2 run_lengths=[1,7] m=2
  |A|=  8 diam= 11 runs=2 run_lengths=[4,4] m=2
  |A|=  8 diam= 11 runs=2 run_lengths=[4,4] m=2
  |A|=  8 diam= 11 runs=2 run_lengths=[4,4] m=2
  |A|= 12 diam= 13 runs=2 run_lengths=[10,2] m=2
  |A|= 12 diam= 13 runs=2 run_lengths=[6,6] m=2
  |A|= 14 diam= 14 runs=2 run_lengths=[13,1] m=2
  |A|= 14 diam= 14 runs=2 run_lengths=[11,3] m=2
  |A|= 14 diam= 14 runs=2 run_lengths=[7,7] m=2
  |A|=  4 diam=  5 runs=3 run_lengths=[1,2,1] m=2
  |A|=  4 diam=  8 runs=3 run_lengths=[2,1,1] m=2
  |A|=  4 diam=  7 runs=3 run_lengths=[1,2,1] m=2
  |A|=  4 diam= 15 runs=3 run_lengths=[1,2,1] m=2
  |A|=  4 diam= 15 runs=3 run_lengths=[1,2,1] m=2
  |A|=  6 diam= 10 runs=3 run_lengths=[4,1,1] m=2
  |A|=  6 diam= 11 runs=3 run_lengths=[1,1,4] m=2
  |A|=  8 diam= 11 runs=3 run_lengths=[2,2,4] m=2
  |A|=  8 diam=  9 runs=3 run_lengths=[1,6,1] m=2
  |A|=  8 diam= 11 runs=3 run_lengths=[1,4,3] m=2
  |A|=  8 diam= 11 runs=3 run_lengths=[2,4,2] m=2
  |A|=  8 diam= 15 runs=3 run_lengths=[1,4,3] m=2
  |A|=  4 diam= 10 runs=4 run_lengths=[1,1,1,1] m=2
  |A|=  4 diam=  9 runs=4 run_lengths=[1,1,1,1] m=2
  |A|=  4 diam=  8 runs=4 run_lengths=[1,1,1,1] m=2
  |A|=  4 diam= 11 runs=4 run_lengths=[1,1,1,1] m=2
  |A|=  4 diam=  6 runs=4 run_lengths=[1,1,1,1] m=2
  |A|=  4 diam=  6 runs=4 run_lengths=[1,1,1,1] m=2
  |A|=  4 diam=  6 runs=4 run_lengths=[1,1,1,1] m=2
  |A|=  4 diam= 10 runs=4 run_lengths=[1,1,1,1] m=2
  |A|=  4 diam=  6 runs=4 run_lengths=[1,1,1,1] m=2
  |A|=  4 diam= 14 runs=4 run_lengths=[1,1,1,1] m=2
  |A|=  4 diam= 11 runs=4 run_lengths=[1,1,1,1] m=2
  |A|=  4 diam= 10 runs=4 run_lengths=[1,1,1,1] m=2
  |A|=  4 diam= 10 runs=4 run_lengths=[1,1,1,1] m=2
  |A|=  4 diam= 10 runs=4 run_lengths=[1,1,1,1] m=2
  |A|=  4 diam= 14 runs=4 run_lengths=[1,1,1,1] m=2
  |A|=  4 diam= 12 runs=4 run_lengths=[1,1,1,1] m=2
  |A|=  4 diam= 12 runs=4 run_lengths=[1,1,1,1] m=2
  |A|=  4 diam= 12 runs=4 run_lengths=[1,1,1,1] m=2
  |A|=  6 diam= 12 runs=4 run_lengths=[2,2,1,1] m=2
  |A|=  6 diam=  9 runs=4 run_lengths=[1,1,2,2] m=2
  |A|=  6 diam=  8 runs=4 run_lengths=[2,1,1,2] m=2
  |A|=  6 diam= 12 runs=4 run_lengths=[2,1,2,1] m=2
  |A|=  8 diam= 12 runs=4 run_lengths=[2,2,2,2] m=2
  |A|=  8 diam= 10 runs=4 run_lengths=[4,1,2,1] m=2
  |A|=  8 diam= 12 runs=4 run_lengths=[2,2,2,2] m=2
  |A|=  8 diam= 12 runs=4 run_lengths=[2,2,2,2] m=2
  |A|=  8 diam= 13 runs=4 run_lengths=[2,2,2,2] m=2
  |A|=  8 diam= 13 runs=4 run_lengths=[2,2,2,2] m=2
  |A|= 12 diam= 14 runs=4 run_lengths=[9,1,1,1] m=2
  |A|= 12 diam= 14 runs=4 run_lengths=[5,1,5,1] m=2
  |A|= 12 diam= 14 runs=4 run_lengths=[3,3,3,3] m=2
  |A|=  8 diam= 15 runs=5 run_lengths=[1,2,2,2,1] m=2
  |A|=  6 diam= 10 runs=6 run_lengths=[1,1,1,1,1,1] m=2
  |A|=  6 diam= 12 runs=6 run_lengths=[1,1,1,1,1,1] m=2
  |A|=  6 diam= 12 runs=6 run_lengths=[1,1,1,1,1,1] m=2
  |A|=  8 diam= 13 runs=6 run_lengths=[1,1,1,1,2,2] m=2
  |A|=  8 diam= 13 runs=6 run_lengths=[1,1,2,1,1,2] m=2
  |A|=  8 diam= 13 runs=6 run_lengths=[1,2,1,1,2,1] m=2
  |A|=  8 diam= 13 runs=7 run_lengths=[1,1,1,1,1,2,1] m=2
  |A|=  8 diam= 13 runs=7 run_lengths=[1,1,1,2,1,1,1] m=2
  |A|=  8 diam= 14 runs=8 run_lengths=[1,1,1,1,1,1,1,1] m=2
  |A|=  8 diam= 14 runs=8 run_lengths=[1,1,1,1,1,1,1,1] m=2

=== n=18: distinct sets=121  total pairs=(n-2)^2=256  largest diam=16 multiplicity=2 ===
  weighted span histogram diam->mult: 2:8 3:8 4:10 5:10 6:14 7:14 8:16 9:16 10:20 11:20 12:22 13:22 14:22 15:22 16:16
  |A|=  0 diam=  - runs=0 run_lengths=[] m=16
  |A|=  4 diam=  3 runs=1 run_lengths=[4] m=2
  |A|=  4 diam=  3 runs=1 run_lengths=[4] m=2
  |A|=  4 diam=  3 runs=1 run_lengths=[4] m=2
  |A|=  4 diam=  3 runs=1 run_lengths=[4] m=2
  |A|=  8 diam=  7 runs=1 run_lengths=[8] m=2
  |A|=  8 diam=  7 runs=1 run_lengths=[8] m=2
  |A|=  8 diam=  7 runs=1 run_lengths=[8] m=2
  |A|=  8 diam=  7 runs=1 run_lengths=[8] m=2
  |A|= 12 diam= 11 runs=1 run_lengths=[12] m=2
  |A|= 16 diam= 15 runs=1 run_lengths=[16] m=2
  |A|= 16 diam= 15 runs=1 run_lengths=[16] m=2
  |A|=  2 diam=  2 runs=2 run_lengths=[1,1] m=2
  |A|=  2 diam=  2 runs=2 run_lengths=[1,1] m=2
  |A|=  2 diam=  2 runs=2 run_lengths=[1,1] m=2
  |A|=  2 diam=  6 runs=2 run_lengths=[1,1] m=2
  |A|=  2 diam=  2 runs=2 run_lengths=[1,1] m=2
  |A|=  2 diam= 14 runs=2 run_lengths=[1,1] m=2
  |A|=  2 diam=  4 runs=2 run_lengths=[1,1] m=2
  |A|=  2 diam=  4 runs=2 run_lengths=[1,1] m=2
  |A|=  2 diam=  4 runs=2 run_lengths=[1,1] m=2
  |A|=  2 diam=  4 runs=2 run_lengths=[1,1] m=2
  |A|=  2 diam= 12 runs=2 run_lengths=[1,1] m=2
  |A|=  2 diam=  8 runs=2 run_lengths=[1,1] m=2
  |A|=  2 diam=  8 runs=2 run_lengths=[1,1] m=2
  |A|=  2 diam=  8 runs=2 run_lengths=[1,1] m=2
  |A|=  2 diam=  8 runs=2 run_lengths=[1,1] m=2
  |A|=  2 diam= 16 runs=2 run_lengths=[1,1] m=2
  |A|=  4 diam=  4 runs=2 run_lengths=[2,2] m=2
  |A|=  4 diam=  8 runs=2 run_lengths=[2,2] m=2
  |A|=  4 diam= 16 runs=2 run_lengths=[2,2] m=2
  |A|=  4 diam=  7 runs=2 run_lengths=[1,3] m=2
  |A|=  4 diam=  7 runs=2 run_lengths=[2,2] m=2
  |A|=  4 diam= 15 runs=2 run_lengths=[1,3] m=2
  |A|=  4 diam= 15 runs=2 run_lengths=[2,2] m=2
  |A|=  4 diam=  5 runs=2 run_lengths=[2,2] m=2
  |A|=  4 diam=  5 runs=2 run_lengths=[2,2] m=2
  |A|=  4 diam=  5 runs=2 run_lengths=[2,2] m=2
  |A|=  4 diam=  5 runs=2 run_lengths=[2,2] m=2
  |A|=  4 diam= 13 runs=2 run_lengths=[2,2] m=2
  |A|=  4 diam=  9 runs=2 run_lengths=[2,2] m=2
  |A|=  4 diam=  9 runs=2 run_lengths=[2,2] m=2
  |A|=  4 diam=  9 runs=2 run_lengths=[2,2] m=2
  |A|=  4 diam=  9 runs=2 run_lengths=[2,2] m=2
  |A|=  6 diam=  6 runs=2 run_lengths=[5,1] m=2
  |A|=  6 diam=  6 runs=2 run_lengths=[3,3] m=2
  |A|=  6 diam= 10 runs=2 run_lengths=[3,3] m=2
  |A|=  8 diam= 10 runs=2 run_lengths=[4,4] m=2
  |A|=  8 diam=  9 runs=2 run_lengths=[4,4] m=2
  |A|=  8 diam= 15 runs=2 run_lengths=[1,7] m=2
  |A|=  8 diam= 15 runs=2 run_lengths=[2,6] m=2
  |A|=  8 diam= 11 runs=2 run_lengths=[4,4] m=2
  |A|=  8 diam= 11 runs=2 run_lengths=[4,4] m=2
  |A|=  8 diam= 11 runs=2 run_lengths=[4,4] m=2
  |A|= 12 diam= 13 runs=2 run_lengths=[10,2] m=2
  |A|= 12 diam= 13 runs=2 run_lengths=[6,6] m=2
  |A|= 14 diam= 14 runs=2 run_lengths=[13,1] m=2
  |A|= 14 diam= 14 runs=2 run_lengths=[11,3] m=2
  |A|= 14 diam= 14 runs=2 run_lengths=[7,7] m=2
  |A|=  4 diam=  5 runs=3 run_lengths=[1,2,1] m=2
  |A|=  4 diam=  8 runs=3 run_lengths=[2,1,1] m=2
  |A|=  4 diam= 16 runs=3 run_lengths=[2,1,1] m=2
  |A|=  4 diam=  7 runs=3 run_lengths=[1,2,1] m=2
  |A|=  4 diam= 15 runs=3 run_lengths=[1,2,1] m=2
  |A|=  4 diam= 16 runs=3 run_lengths=[2,1,1] m=2
  |A|=  4 diam= 15 runs=3 run_lengths=[1,2,1] m=2
  |A|=  6 diam= 10 runs=3 run_lengths=[4,1,1] m=2
  |A|=  6 diam= 11 runs=3 run_lengths=[1,1,4] m=2
  |A|=  8 diam= 11 runs=3 run_lengths=[2,2,4] m=2
  |A|=  8 diam=  9 runs=3 run_lengths=[1,6,1] m=2
  |A|=  8 diam= 11 runs=3 run_lengths=[1,4,3] m=2
  |A|=  8 diam= 11 runs=3 run_lengths=[2,4,2] m=2
  |A|=  8 diam= 15 runs=3 run_lengths=[1,4,3] m=2
  |A|=  8 diam= 15 runs=3 run_lengths=[2,4,2] m=2
  |A|=  4 diam= 10 runs=4 run_lengths=[1,1,1,1] m=2
  |A|=  4 diam=  9 runs=4 run_lengths=[1,1,1,1] m=2
  |A|=  4 diam=  8 runs=4 run_lengths=[1,1,1,1] m=2
  |A|=  4 diam= 11 runs=4 run_lengths=[1,1,1,1] m=2
  |A|=  4 diam=  6 runs=4 run_lengths=[1,1,1,1] m=2
  |A|=  4 diam=  6 runs=4 run_lengths=[1,1,1,1] m=2
  |A|=  4 diam=  6 runs=4 run_lengths=[1,1,1,1] m=2
  |A|=  4 diam= 10 runs=4 run_lengths=[1,1,1,1] m=2
  |A|=  4 diam=  6 runs=4 run_lengths=[1,1,1,1] m=2
  |A|=  4 diam= 14 runs=4 run_lengths=[1,1,1,1] m=2
  |A|=  4 diam= 11 runs=4 run_lengths=[1,1,1,1] m=2
  |A|=  4 diam= 10 runs=4 run_lengths=[1,1,1,1] m=2
  |A|=  4 diam= 10 runs=4 run_lengths=[1,1,1,1] m=2
  |A|=  4 diam= 10 runs=4 run_lengths=[1,1,1,1] m=2
  |A|=  4 diam= 14 runs=4 run_lengths=[1,1,1,1] m=2
  |A|=  4 diam= 12 runs=4 run_lengths=[1,1,1,1] m=2
  |A|=  4 diam= 12 runs=4 run_lengths=[1,1,1,1] m=2
  |A|=  4 diam= 12 runs=4 run_lengths=[1,1,1,1] m=2
  |A|=  6 diam= 12 runs=4 run_lengths=[2,2,1,1] m=2
  |A|=  6 diam=  9 runs=4 run_lengths=[1,1,2,2] m=2
  |A|=  6 diam=  8 runs=4 run_lengths=[2,1,1,2] m=2
  |A|=  6 diam= 16 runs=4 run_lengths=[2,1,1,2] m=2
  |A|=  6 diam= 12 runs=4 run_lengths=[2,1,2,1] m=2
  |A|=  6 diam= 16 runs=4 run_lengths=[2,1,1,2] m=2
  |A|=  8 diam= 12 runs=4 run_lengths=[2,2,2,2] m=2
  |A|=  8 diam= 10 runs=4 run_lengths=[4,1,2,1] m=2
  |A|=  8 diam= 12 runs=4 run_lengths=[2,2,2,2] m=2
  |A|=  8 diam= 12 runs=4 run_lengths=[2,2,2,2] m=2
  |A|=  8 diam= 13 runs=4 run_lengths=[2,2,2,2] m=2
  |A|=  8 diam= 13 runs=4 run_lengths=[2,2,2,2] m=2
  |A|=  8 diam= 13 runs=4 run_lengths=[2,2,2,2] m=2
  |A|= 12 diam= 14 runs=4 run_lengths=[9,1,1,1] m=2
  |A|= 12 diam= 14 runs=4 run_lengths=[5,1,5,1] m=2
  |A|= 12 diam= 14 runs=4 run_lengths=[3,3,3,3] m=2
  |A|=  6 diam= 16 runs=5 run_lengths=[2,1,1,1,1] m=2
  |A|=  8 diam= 15 runs=5 run_lengths=[1,2,2,2,1] m=2
  |A|=  6 diam= 10 runs=6 run_lengths=[1,1,1,1,1,1] m=2
  |A|=  6 diam= 12 runs=6 run_lengths=[1,1,1,1,1,1] m=2
  |A|=  6 diam= 12 runs=6 run_lengths=[1,1,1,1,1,1] m=2
  |A|=  8 diam= 13 runs=6 run_lengths=[1,1,1,1,2,2] m=2
  |A|=  8 diam= 13 runs=6 run_lengths=[1,1,2,1,1,2] m=2
  |A|=  8 diam= 13 runs=6 run_lengths=[1,2,1,1,2,1] m=2
  |A|=  8 diam= 13 runs=7 run_lengths=[1,1,1,1,1,2,1] m=2
  |A|=  8 diam= 13 runs=7 run_lengths=[1,1,1,2,1,1,1] m=2
  |A|=  8 diam= 14 runs=8 run_lengths=[1,1,1,1,1,1,1,1] m=2
  |A|=  8 diam= 14 runs=8 run_lengths=[1,1,1,1,1,1,1,1] m=2
  |A|= 10 diam= 16 runs=8 run_lengths=[2,1,1,1,1,1,1,2] m=2

=== n=19: distinct sets=137  total pairs=(n-2)^2=289  largest diam=17 multiplicity=2 ===
  weighted span histogram diam->mult: 2:10 3:8 4:10 5:10 6:14 7:14 8:16 9:16 10:22 11:20 12:22 13:22 14:26 15:22 16:24 17:16
  |A|=  0 diam=  - runs=0 run_lengths=[] m=17
  |A|=  4 diam=  3 runs=1 run_lengths=[4] m=2
  |A|=  4 diam=  3 runs=1 run_lengths=[4] m=2
  |A|=  4 diam=  3 runs=1 run_lengths=[4] m=2
  |A|=  4 diam=  3 runs=1 run_lengths=[4] m=2
  |A|=  8 diam=  7 runs=1 run_lengths=[8] m=2
  |A|=  8 diam=  7 runs=1 run_lengths=[8] m=2
  |A|=  8 diam=  7 runs=1 run_lengths=[8] m=2
  |A|=  8 diam=  7 runs=1 run_lengths=[8] m=2
  |A|= 12 diam= 11 runs=1 run_lengths=[12] m=2
  |A|= 16 diam= 15 runs=1 run_lengths=[16] m=2
  |A|= 16 diam= 15 runs=1 run_lengths=[16] m=2
  |A|=  2 diam=  2 runs=2 run_lengths=[1,1] m=2
  |A|=  2 diam=  2 runs=2 run_lengths=[1,1] m=2
  |A|=  2 diam=  2 runs=2 run_lengths=[1,1] m=2
  |A|=  2 diam=  6 runs=2 run_lengths=[1,1] m=2
  |A|=  2 diam=  2 runs=2 run_lengths=[1,1] m=2
  |A|=  2 diam= 14 runs=2 run_lengths=[1,1] m=2
  |A|=  2 diam=  2 runs=2 run_lengths=[1,1] m=2
  |A|=  2 diam=  4 runs=2 run_lengths=[1,1] m=2
  |A|=  2 diam=  4 runs=2 run_lengths=[1,1] m=2
  |A|=  2 diam=  4 runs=2 run_lengths=[1,1] m=2
  |A|=  2 diam=  4 runs=2 run_lengths=[1,1] m=2
  |A|=  2 diam= 12 runs=2 run_lengths=[1,1] m=2
  |A|=  2 diam=  8 runs=2 run_lengths=[1,1] m=2
  |A|=  2 diam=  8 runs=2 run_lengths=[1,1] m=2
  |A|=  2 diam=  8 runs=2 run_lengths=[1,1] m=2
  |A|=  2 diam=  8 runs=2 run_lengths=[1,1] m=2
  |A|=  2 diam= 16 runs=2 run_lengths=[1,1] m=2
  |A|=  2 diam= 16 runs=2 run_lengths=[1,1] m=2
  |A|=  4 diam=  4 runs=2 run_lengths=[2,2] m=2
  |A|=  4 diam=  8 runs=2 run_lengths=[2,2] m=2
  |A|=  4 diam= 16 runs=2 run_lengths=[2,2] m=2
  |A|=  4 diam=  7 runs=2 run_lengths=[1,3] m=2
  |A|=  4 diam=  7 runs=2 run_lengths=[2,2] m=2
  |A|=  4 diam= 15 runs=2 run_lengths=[1,3] m=2
  |A|=  4 diam= 15 runs=2 run_lengths=[2,2] m=2
  |A|=  4 diam=  5 runs=2 run_lengths=[2,2] m=2
  |A|=  4 diam=  5 runs=2 run_lengths=[2,2] m=2
  |A|=  4 diam=  5 runs=2 run_lengths=[2,2] m=2
  |A|=  4 diam=  5 runs=2 run_lengths=[2,2] m=2
  |A|=  4 diam= 13 runs=2 run_lengths=[2,2] m=2
  |A|=  4 diam=  9 runs=2 run_lengths=[2,2] m=2
  |A|=  4 diam=  9 runs=2 run_lengths=[2,2] m=2
  |A|=  4 diam=  9 runs=2 run_lengths=[2,2] m=2
  |A|=  4 diam=  9 runs=2 run_lengths=[2,2] m=2
  |A|=  4 diam= 17 runs=2 run_lengths=[2,2] m=2
  |A|=  6 diam=  6 runs=2 run_lengths=[5,1] m=2
  |A|=  6 diam=  6 runs=2 run_lengths=[3,3] m=2
  |A|=  6 diam= 10 runs=2 run_lengths=[3,3] m=2
  |A|=  8 diam= 10 runs=2 run_lengths=[4,4] m=2
  |A|=  8 diam=  9 runs=2 run_lengths=[4,4] m=2
  |A|=  8 diam= 15 runs=2 run_lengths=[1,7] m=2
  |A|=  8 diam= 15 runs=2 run_lengths=[2,6] m=2
  |A|=  8 diam= 11 runs=2 run_lengths=[4,4] m=2
  |A|=  8 diam= 11 runs=2 run_lengths=[4,4] m=2
  |A|=  8 diam= 11 runs=2 run_lengths=[4,4] m=2
  |A|= 12 diam= 13 runs=2 run_lengths=[10,2] m=2
  |A|= 12 diam= 13 runs=2 run_lengths=[6,6] m=2
  |A|= 14 diam= 14 runs=2 run_lengths=[13,1] m=2
  |A|= 14 diam= 14 runs=2 run_lengths=[11,3] m=2
  |A|= 14 diam= 14 runs=2 run_lengths=[7,7] m=2
  |A|=  4 diam=  5 runs=3 run_lengths=[1,2,1] m=2
  |A|=  4 diam=  8 runs=3 run_lengths=[2,1,1] m=2
  |A|=  4 diam= 16 runs=3 run_lengths=[2,1,1] m=2
  |A|=  4 diam=  7 runs=3 run_lengths=[1,2,1] m=2
  |A|=  4 diam= 15 runs=3 run_lengths=[1,2,1] m=2
  |A|=  4 diam= 16 runs=3 run_lengths=[2,1,1] m=2
  |A|=  4 diam= 15 runs=3 run_lengths=[1,2,1] m=2
  |A|=  6 diam= 10 runs=3 run_lengths=[4,1,1] m=2
  |A|=  6 diam= 11 runs=3 run_lengths=[1,1,4] m=2
  |A|=  8 diam= 11 runs=3 run_lengths=[2,2,4] m=2
  |A|=  8 diam=  9 runs=3 run_lengths=[1,6,1] m=2
  |A|=  8 diam= 11 runs=3 run_lengths=[1,4,3] m=2
  |A|=  8 diam= 11 runs=3 run_lengths=[2,4,2] m=2
  |A|=  8 diam= 15 runs=3 run_lengths=[1,4,3] m=2
  |A|=  8 diam= 15 runs=3 run_lengths=[2,4,2] m=2
  |A|= 16 diam= 17 runs=3 run_lengths=[1,14,1] m=2
  |A|=  4 diam= 10 runs=4 run_lengths=[1,1,1,1] m=2
  |A|=  4 diam=  9 runs=4 run_lengths=[1,1,1,1] m=2
  |A|=  4 diam= 17 runs=4 run_lengths=[1,1,1,1] m=2
  |A|=  4 diam=  8 runs=4 run_lengths=[1,1,1,1] m=2
  |A|=  4 diam= 16 runs=4 run_lengths=[1,1,1,1] m=2
  |A|=  4 diam= 11 runs=4 run_lengths=[1,1,1,1] m=2
  |A|=  4 diam=  6 runs=4 run_lengths=[1,1,1,1] m=2
  |A|=  4 diam=  6 runs=4 run_lengths=[1,1,1,1] m=2
  |A|=  4 diam=  6 runs=4 run_lengths=[1,1,1,1] m=2
  |A|=  4 diam= 10 runs=4 run_lengths=[1,1,1,1] m=2
  |A|=  4 diam=  6 runs=4 run_lengths=[1,1,1,1] m=2
  |A|=  4 diam= 14 runs=4 run_lengths=[1,1,1,1] m=2
  |A|=  4 diam= 14 runs=4 run_lengths=[1,1,1,1] m=2
  |A|=  4 diam= 16 runs=4 run_lengths=[1,1,1,1] m=2
  |A|=  4 diam= 11 runs=4 run_lengths=[1,1,1,1] m=2
  |A|=  4 diam= 10 runs=4 run_lengths=[1,1,1,1] m=2
  |A|=  4 diam= 10 runs=4 run_lengths=[1,1,1,1] m=2
  |A|=  4 diam= 10 runs=4 run_lengths=[1,1,1,1] m=2
  |A|=  4 diam= 14 runs=4 run_lengths=[1,1,1,1] m=2
  |A|=  4 diam= 10 runs=4 run_lengths=[1,1,1,1] m=2
  |A|=  4 diam= 12 runs=4 run_lengths=[1,1,1,1] m=2
  |A|=  4 diam= 12 runs=4 run_lengths=[1,1,1,1] m=2
  |A|=  4 diam= 12 runs=4 run_lengths=[1,1,1,1] m=2
  |A|=  6 diam= 12 runs=4 run_lengths=[2,2,1,1] m=2
  |A|=  6 diam=  9 runs=4 run_lengths=[1,1,2,2] m=2
  |A|=  6 diam= 17 runs=4 run_lengths=[1,1,2,2] m=2
  |A|=  6 diam=  8 runs=4 run_lengths=[2,1,1,2] m=2
  |A|=  6 diam= 16 runs=4 run_lengths=[2,1,1,2] m=2
  |A|=  6 diam= 12 runs=4 run_lengths=[2,1,2,1] m=2
  |A|=  6 diam= 17 runs=4 run_lengths=[1,1,2,2] m=2
  |A|=  6 diam= 16 runs=4 run_lengths=[2,1,1,2] m=2
  |A|=  8 diam= 12 runs=4 run_lengths=[2,2,2,2] m=2
  |A|=  8 diam= 10 runs=4 run_lengths=[4,1,2,1] m=2
  |A|=  8 diam= 12 runs=4 run_lengths=[2,2,2,2] m=2
  |A|=  8 diam= 17 runs=4 run_lengths=[1,1,5,1] m=2
  |A|=  8 diam= 12 runs=4 run_lengths=[2,2,2,2] m=2
  |A|=  8 diam= 13 runs=4 run_lengths=[2,2,2,2] m=2
  |A|=  8 diam= 13 runs=4 run_lengths=[2,2,2,2] m=2
  |A|=  8 diam= 13 runs=4 run_lengths=[2,2,2,2] m=2
  |A|= 12 diam= 14 runs=4 run_lengths=[9,1,1,1] m=2
  |A|= 12 diam= 14 runs=4 run_lengths=[5,1,5,1] m=2
  |A|= 12 diam= 14 runs=4 run_lengths=[3,3,3,3] m=2
  |A|=  6 diam= 16 runs=5 run_lengths=[2,1,1,1,1] m=2
  |A|=  8 diam= 17 runs=5 run_lengths=[1,1,4,1,1] m=2
  |A|=  8 diam= 15 runs=5 run_lengths=[1,2,2,2,1] m=2
  |A|=  6 diam= 10 runs=6 run_lengths=[1,1,1,1,1,1] m=2
  |A|=  6 diam= 12 runs=6 run_lengths=[1,1,1,1,1,1] m=2
  |A|=  6 diam= 12 runs=6 run_lengths=[1,1,1,1,1,1] m=2
  |A|=  6 diam= 16 runs=6 run_lengths=[1,1,1,1,1,1] m=2
  |A|=  8 diam= 13 runs=6 run_lengths=[1,1,1,1,2,2] m=2
  |A|=  8 diam= 13 runs=6 run_lengths=[1,1,2,1,1,2] m=2
  |A|=  8 diam= 13 runs=6 run_lengths=[1,2,1,1,2,1] m=2
  |A|= 10 diam= 17 runs=6 run_lengths=[1,1,2,2,2,2] m=2
  |A|=  8 diam= 13 runs=7 run_lengths=[1,1,1,1,1,2,1] m=2
  |A|=  8 diam= 13 runs=7 run_lengths=[1,1,1,2,1,1,1] m=2
  |A|=  8 diam= 14 runs=8 run_lengths=[1,1,1,1,1,1,1,1] m=2
  |A|=  8 diam= 14 runs=8 run_lengths=[1,1,1,1,1,1,1,1] m=2
  |A|=  8 diam= 14 runs=8 run_lengths=[1,1,1,1,1,1,1,1] m=2
  |A|= 10 diam= 16 runs=8 run_lengths=[2,1,1,1,1,1,1,2] m=2

=== n=20: distinct sets=154  total pairs=(n-2)^2=324  largest diam=18 multiplicity=2 ===
  weighted span histogram diam->mult: 2:10 3:10 4:10 5:10 6:14 7:14 8:16 9:16 10:22 11:22 12:22 13:22 14:26 15:26 16:24 17:24 18:18
  |A|=  0 diam=  - runs=0 run_lengths=[] m=18
  |A|=  4 diam=  3 runs=1 run_lengths=[4] m=2
  |A|=  4 diam=  3 runs=1 run_lengths=[4] m=2
  |A|=  4 diam=  3 runs=1 run_lengths=[4] m=2
  |A|=  4 diam=  3 runs=1 run_lengths=[4] m=2
  |A|=  4 diam=  3 runs=1 run_lengths=[4] m=2
  |A|=  8 diam=  7 runs=1 run_lengths=[8] m=2
  |A|=  8 diam=  7 runs=1 run_lengths=[8] m=2
  |A|=  8 diam=  7 runs=1 run_lengths=[8] m=2
  |A|=  8 diam=  7 runs=1 run_lengths=[8] m=2
  |A|= 12 diam= 11 runs=1 run_lengths=[12] m=2
  |A|= 16 diam= 15 runs=1 run_lengths=[16] m=2
  |A|= 16 diam= 15 runs=1 run_lengths=[16] m=2
  |A|= 16 diam= 15 runs=1 run_lengths=[16] m=2
  |A|=  2 diam=  2 runs=2 run_lengths=[1,1] m=2
  |A|=  2 diam=  2 runs=2 run_lengths=[1,1] m=2
  |A|=  2 diam=  2 runs=2 run_lengths=[1,1] m=2
  |A|=  2 diam=  6 runs=2 run_lengths=[1,1] m=2
  |A|=  2 diam=  2 runs=2 run_lengths=[1,1] m=2
  |A|=  2 diam= 14 runs=2 run_lengths=[1,1] m=2
  |A|=  2 diam=  2 runs=2 run_lengths=[1,1] m=2
  |A|=  2 diam=  4 runs=2 run_lengths=[1,1] m=2
  |A|=  2 diam=  4 runs=2 run_lengths=[1,1] m=2
  |A|=  2 diam=  4 runs=2 run_lengths=[1,1] m=2
  |A|=  2 diam=  4 runs=2 run_lengths=[1,1] m=2
  |A|=  2 diam= 12 runs=2 run_lengths=[1,1] m=2
  |A|=  2 diam=  8 runs=2 run_lengths=[1,1] m=2
  |A|=  2 diam=  8 runs=2 run_lengths=[1,1] m=2
  |A|=  2 diam=  8 runs=2 run_lengths=[1,1] m=2
  |A|=  2 diam=  8 runs=2 run_lengths=[1,1] m=2
  |A|=  2 diam= 16 runs=2 run_lengths=[1,1] m=2
  |A|=  2 diam= 16 runs=2 run_lengths=[1,1] m=2
  |A|=  4 diam=  4 runs=2 run_lengths=[2,2] m=2
  |A|=  4 diam=  8 runs=2 run_lengths=[2,2] m=2
  |A|=  4 diam= 16 runs=2 run_lengths=[2,2] m=2
  |A|=  4 diam=  7 runs=2 run_lengths=[1,3] m=2
  |A|=  4 diam=  7 runs=2 run_lengths=[2,2] m=2
  |A|=  4 diam= 15 runs=2 run_lengths=[1,3] m=2
  |A|=  4 diam= 15 runs=2 run_lengths=[2,2] m=2
  |A|=  4 diam=  5 runs=2 run_lengths=[2,2] m=2
  |A|=  4 diam=  5 runs=2 run_lengths=[2,2] m=2
  |A|=  4 diam=  5 runs=2 run_lengths=[2,2] m=2
  |A|=  4 diam=  5 runs=2 run_lengths=[2,2] m=2
  |A|=  4 diam= 13 runs=2 run_lengths=[2,2] m=2
  |A|=  4 diam=  9 runs=2 run_lengths=[2,2] m=2
  |A|=  4 diam=  9 runs=2 run_lengths=[2,2] m=2
  |A|=  4 diam=  9 runs=2 run_lengths=[2,2] m=2
  |A|=  4 diam=  9 runs=2 run_lengths=[2,2] m=2
  |A|=  4 diam= 17 runs=2 run_lengths=[2,2] m=2
  |A|=  4 diam= 17 runs=2 run_lengths=[2,2] m=2
  |A|=  6 diam=  6 runs=2 run_lengths=[5,1] m=2
  |A|=  6 diam=  6 runs=2 run_lengths=[3,3] m=2
  |A|=  6 diam= 10 runs=2 run_lengths=[3,3] m=2
  |A|=  6 diam= 18 runs=2 run_lengths=[3,3] m=2
  |A|=  8 diam= 10 runs=2 run_lengths=[4,4] m=2
  |A|=  8 diam= 18 runs=2 run_lengths=[4,4] m=2
  |A|=  8 diam=  9 runs=2 run_lengths=[4,4] m=2
  |A|=  8 diam= 17 runs=2 run_lengths=[4,4] m=2
  |A|=  8 diam= 15 runs=2 run_lengths=[1,7] m=2
  |A|=  8 diam= 15 runs=2 run_lengths=[2,6] m=2
  |A|=  8 diam= 15 runs=2 run_lengths=[4,4] m=2
  |A|=  8 diam= 11 runs=2 run_lengths=[4,4] m=2
  |A|=  8 diam= 11 runs=2 run_lengths=[4,4] m=2
  |A|=  8 diam= 11 runs=2 run_lengths=[4,4] m=2
  |A|=  8 diam= 11 runs=2 run_lengths=[4,4] m=2
  |A|= 12 diam= 13 runs=2 run_lengths=[10,2] m=2
  |A|= 12 diam= 13 runs=2 run_lengths=[6,6] m=2
  |A|= 14 diam= 14 runs=2 run_lengths=[13,1] m=2
  |A|= 14 diam= 14 runs=2 run_lengths=[11,3] m=2
  |A|= 14 diam= 14 runs=2 run_lengths=[7,7] m=2
  |A|=  4 diam=  5 runs=3 run_lengths=[1,2,1] m=2
  |A|=  4 diam=  8 runs=3 run_lengths=[2,1,1] m=2
  |A|=  4 diam= 16 runs=3 run_lengths=[2,1,1] m=2
  |A|=  4 diam=  7 runs=3 run_lengths=[1,2,1] m=2
  |A|=  4 diam= 15 runs=3 run_lengths=[1,2,1] m=2
  |A|=  4 diam= 16 runs=3 run_lengths=[2,1,1] m=2
  |A|=  4 diam= 15 runs=3 run_lengths=[1,2,1] m=2
  |A|=  6 diam= 10 runs=3 run_lengths=[4,1,1] m=2
  |A|=  6 diam= 18 runs=3 run_lengths=[4,1,1] m=2
  |A|=  6 diam= 11 runs=3 run_lengths=[1,1,4] m=2
  |A|=  8 diam= 11 runs=3 run_lengths=[2,2,4] m=2
  |A|=  8 diam=  9 runs=3 run_lengths=[1,6,1] m=2
  |A|=  8 diam= 11 runs=3 run_lengths=[1,4,3] m=2
  |A|=  8 diam= 11 runs=3 run_lengths=[2,4,2] m=2
  |A|=  8 diam= 18 runs=3 run_lengths=[4,1,3] m=2
  |A|=  8 diam= 17 runs=3 run_lengths=[4,2,2] m=2
  |A|=  8 diam= 15 runs=3 run_lengths=[1,4,3] m=2
  |A|=  8 diam= 15 runs=3 run_lengths=[2,4,2] m=2
  |A|= 16 diam= 17 runs=3 run_lengths=[1,14,1] m=2
  |A|=  4 diam= 10 runs=4 run_lengths=[1,1,1,1] m=2
  |A|=  4 diam=  9 runs=4 run_lengths=[1,1,1,1] m=2
  |A|=  4 diam= 17 runs=4 run_lengths=[1,1,1,1] m=2
  |A|=  4 diam=  8 runs=4 run_lengths=[1,1,1,1] m=2
  |A|=  4 diam= 16 runs=4 run_lengths=[1,1,1,1] m=2
  |A|=  4 diam= 11 runs=4 run_lengths=[1,1,1,1] m=2
  |A|=  4 diam=  6 runs=4 run_lengths=[1,1,1,1] m=2
  |A|=  4 diam=  6 runs=4 run_lengths=[1,1,1,1] m=2
  |A|=  4 diam=  6 runs=4 run_lengths=[1,1,1,1] m=2
  |A|=  4 diam= 10 runs=4 run_lengths=[1,1,1,1] m=2
  |A|=  4 diam=  6 runs=4 run_lengths=[1,1,1,1] m=2
  |A|=  4 diam= 14 runs=4 run_lengths=[1,1,1,1] m=2
  |A|=  4 diam= 14 runs=4 run_lengths=[1,1,1,1] m=2
  |A|=  4 diam= 16 runs=4 run_lengths=[1,1,1,1] m=2
  |A|=  4 diam= 11 runs=4 run_lengths=[1,1,1,1] m=2
  |A|=  4 diam= 10 runs=4 run_lengths=[1,1,1,1] m=2
  |A|=  4 diam= 10 runs=4 run_lengths=[1,1,1,1] m=2
  |A|=  4 diam= 10 runs=4 run_lengths=[1,1,1,1] m=2
  |A|=  4 diam= 14 runs=4 run_lengths=[1,1,1,1] m=2
  |A|=  4 diam= 10 runs=4 run_lengths=[1,1,1,1] m=2
  |A|=  4 diam= 12 runs=4 run_lengths=[1,1,1,1] m=2
  |A|=  4 diam= 12 runs=4 run_lengths=[1,1,1,1] m=2
  |A|=  4 diam= 12 runs=4 run_lengths=[1,1,1,1] m=2
  |A|=  4 diam= 18 runs=4 run_lengths=[1,1,1,1] m=2
  |A|=  6 diam= 12 runs=4 run_lengths=[2,2,1,1] m=2
  |A|=  6 diam=  9 runs=4 run_lengths=[1,1,2,2] m=2
  |A|=  6 diam= 17 runs=4 run_lengths=[1,1,2,2] m=2
  |A|=  6 diam=  8 runs=4 run_lengths=[2,1,1,2] m=2
  |A|=  6 diam= 16 runs=4 run_lengths=[2,1,1,2] m=2
  |A|=  6 diam= 12 runs=4 run_lengths=[2,1,2,1] m=2
  |A|=  6 diam= 17 runs=4 run_lengths=[1,1,2,2] m=2
  |A|=  6 diam= 16 runs=4 run_lengths=[2,1,1,2] m=2
  |A|=  8 diam= 12 runs=4 run_lengths=[2,2,2,2] m=2
  |A|=  8 diam= 10 runs=4 run_lengths=[4,1,2,1] m=2
  |A|=  8 diam= 12 runs=4 run_lengths=[2,2,2,2] m=2
  |A|=  8 diam= 18 runs=4 run_lengths=[4,1,2,1] m=2
  |A|=  8 diam= 17 runs=4 run_lengths=[1,1,5,1] m=2
  |A|=  8 diam= 12 runs=4 run_lengths=[2,2,2,2] m=2
  |A|=  8 diam= 13 runs=4 run_lengths=[2,2,2,2] m=2
  |A|=  8 diam= 13 runs=4 run_lengths=[2,2,2,2] m=2
  |A|=  8 diam= 13 runs=4 run_lengths=[2,2,2,2] m=2
  |A|= 10 diam= 18 runs=4 run_lengths=[4,1,1,4] m=2
  |A|= 12 diam= 14 runs=4 run_lengths=[9,1,1,1] m=2
  |A|= 12 diam= 14 runs=4 run_lengths=[5,1,5,1] m=2
  |A|= 12 diam= 14 runs=4 run_lengths=[3,3,3,3] m=2
  |A|= 12 diam= 17 runs=4 run_lengths=[4,2,2,4] m=2
  |A|=  6 diam= 16 runs=5 run_lengths=[2,1,1,1,1] m=2
  |A|=  8 diam= 18 runs=5 run_lengths=[4,1,1,1,1] m=2
  |A|=  8 diam= 17 runs=5 run_lengths=[1,1,4,1,1] m=2
  |A|=  8 diam= 15 runs=5 run_lengths=[1,2,2,2,1] m=2
  |A|=  6 diam= 10 runs=6 run_lengths=[1,1,1,1,1,1] m=2
  |A|=  6 diam= 12 runs=6 run_lengths=[1,1,1,1,1,1] m=2
  |A|=  6 diam= 12 runs=6 run_lengths=[1,1,1,1,1,1] m=2
  |A|=  6 diam= 16 runs=6 run_lengths=[1,1,1,1,1,1] m=2
  |A|=  8 diam= 13 runs=6 run_lengths=[1,1,1,1,2,2] m=2
  |A|=  8 diam= 13 runs=6 run_lengths=[1,1,2,1,1,2] m=2
  |A|=  8 diam= 13 runs=6 run_lengths=[1,2,1,1,2,1] m=2
  |A|= 10 diam= 17 runs=6 run_lengths=[1,1,2,2,2,2] m=2
  |A|=  8 diam= 13 runs=7 run_lengths=[1,1,1,1,1,2,1] m=2
  |A|=  8 diam= 13 runs=7 run_lengths=[1,1,1,2,1,1,1] m=2
  |A|=  8 diam= 14 runs=8 run_lengths=[1,1,1,1,1,1,1,1] m=2
  |A|=  8 diam= 14 runs=8 run_lengths=[1,1,1,1,1,1,1,1] m=2
  |A|=  8 diam= 14 runs=8 run_lengths=[1,1,1,1,1,1,1,1] m=2
  |A|= 10 diam= 16 runs=8 run_lengths=[2,1,1,1,1,1,1,2] m=2
  |A|= 12 diam= 18 runs=8 run_lengths=[4,1,1,1,1,1,2,1] m=2
