schema audit
c1_terms.txt terms= 400 prefix= [1, 1, 2, 2, 2, 3, 3, 4]
  exact homogeneous recurrence orders <=12: none
counts.txt terms= 400 prefix= [2, 3, 4, 5, 6, 7, 8, 9]
  exact homogeneous recurrence orders <=12: [2]
lmin.txt terms= 400 prefix= [2, 4, 7, 8, 12, 13, 14, 20]
  exact homogeneous recurrence orders <=12: none
psi_exact.txt terms= 25 prefix= [1, 101, 20302, 2042402, 204252402, 30445654403, 3054587854503, 407470828064704]
  exact homogeneous recurrence orders <=12: none
psi_residues.txt terms= 400 prefix= [1, 101, 20302, 2042402, 2250400, 44353102, 14581260, 65706380]
  exact homogeneous recurrence orders <=12: none
ext_recurrence.txt terms= 40 prefix= [0, 10, 110, 110, 20210, 120210, 1130220, 31130220]
  exact homogeneous recurrence orders <=12: none
extrecur_res.txt terms= 400 prefix= [0, 10, 110, 110, 20210, 120210, 1130220, 31130220]
  exact homogeneous recurrence orders <=12: none
dj_raw.txt terms= 1145 prefix= [1, 1, 3, 2, 1, 5, 3, 8]
  exact homogeneous recurrence orders <=12: none
dj_mod.txt terms= 1145 prefix= [1, 1, 3, 2, 1, 5, 3, 8]
  exact homogeneous recurrence orders <=12: none
topelitz_defects.txt terms= 400 prefix= [0, 0, 2, 0, 2, 8, 0, 18]
  exact homogeneous recurrence orders <=12: none
vr_rungaps.txt terms= 0 prefix= []
  exact homogeneous recurrence orders <=12: none
r_runs_wythoff.txt terms= 33 prefix= [1147, 60, 157, 3000, 1, 2292, 1, 149]
  exact homogeneous recurrence orders <=12: none
c1 slope first bad: none through 400
count=k+1 first bad: None
Lmin law first bad: None
Wythoff starts first bad: [(1, 3000, 2)]
