psi_exact.txt terms 25 first10 [1, 2, 3, 4, 5, 6, 7, 8, 9, 10]
 BM 101001001 2
 BM 100 2
 BM 1000 2
diff_first20 [1, 1, 1, 1, 1, 1, 1, 1, 1, 1, 1, 1, 1, 1, 1, 1, 1, 1, 1, 1]
psi_residues.txt terms 400 first10 [1, 101, 20302, 2042402, 2250400, 44353102, 14581260, 65706380, 21161323, 10699667]
 BM 101001001 200
 BM 100 nonunit
 BM 1000 nonunit
diff_first20 [100, 20201, 2022100, 207998, 42102702, -29771842, 51125120, -44545057, -10461656, 67038601, -27170927, 9934327, -21451956, 15667243, -10532599, -19536087, 66411320, -37999941, 25184597, -10822267]
c1_terms.txt terms 400 first10 [1, 1, 2, 2, 2, 3, 3, 4, 4, 4]
 BM 101001001 232
 BM 100 nonunit
 BM 1000 nonunit
diff_first20 [0, 1, 0, 0, 1, 0, 1, 0, 0, 1, 0, 0, 1, 0, 1, 0, 0, 1, 0, 1]
lmin.txt terms 400 first10 [2, 4, 7, 8, 12, 13, 14, 20, 21, 22]
 BM 101001001 200
 BM 100 nonunit
 BM 1000 nonunit
diff_first20 [2, 3, 1, 4, 1, 1, 6, 1, 1, 1, 1, 9, 1, 1, 1, 1, 1, 1, 1, 14]
r_runs_wythoff.txt terms 1 first10 [5]
 BM 101001001 1
 BM 100 1
 BM 1000 1
diff_first20 []
dj_raw.txt terms 1145 first10 [1, 1, 3, 2, 1, 5, 3, 8, 5, 2]
 BM 101001001 573
 BM 100 nonunit
 BM 1000 nonunit
diff_first20 [0, 2, -1, -1, 4, -2, 5, -3, -3, 7, -4, -4, 9, -5, 10, -6, -6, 12, -7, 13]
dj_mod.txt terms 1145 first10 [1, 1, 3, 2, 1, 5, 3, 8, 5, 2]
 BM 101001001 573
 BM 100 nonunit
 BM 1000 nonunit
diff_first20 [0, 2, -1, -1, 4, -2, 5, -3, -3, 7, -4, -4, 9, -5, 10, -6, -6, 12, -7, 13]
vr_runvals.txt terms 0 first10 []
 BM 101001001 0
 BM 100 0
 BM 1000 0
diff_first20 []
vr_rungaps.txt terms 0 first10 []
 BM 101001001 0
 BM 100 0
 BM 1000 0
diff_first20 []
counts.txt terms 0 first10 []
 BM 101001001 0
 BM 100 0
 BM 1000 0
diff_first20 []
ext_recurrence.txt terms 40 first10 [0, 10, 10, 10, 10010, 10010, 1010010, 1010010, 1010010, 1001010010]
 BM 101001001 20
 BM 100 nonunit
 BM 1000 nonunit
diff_first20 [10, 0, 0, 10000, 0, 1000000, 0, 0, 1000000000, 0, 0, 1000000000000, 0, 100000000000000, 0, 0, 100000000000000000, 0, 10000000000000000000, 0]
