psi_exact: n=25 prefix=[1, 101, 20302, 2042402, 204252402, 30445654403, 3054587854503, 407470828064704, 40849095449084804, 4085011557551094804] suffix=[918206436673256459645494435853551265623591709, 101840854070531671026730902561905611496024793710, 10194105617456373127735281715167111634536144993810]
  rational_recurrence<=12= None
  diff_prefix= [100, 20201, 2022100, 202210000, 30241402001, 3024142200100, 404416240210201, 40441624621020100, 4044162462102010000, 504618248270401202001, 50461824827440120200100, 5046182482744012020010000, 604818450276501402203002001, 60481845027650340220300200100, 7068204522965238042050220210201]
psi_residues: n=400 prefix=[1, 101, 20302, 2042402, 2250400, 44353102, 14581260, 65706380, 21161323, 10699667] suffix=[90662770, 52144632, 38368870]
  rational_recurrence<=12= None
  diff_prefix= [100, 20201, 2022100, 207998, 42102702, -29771842, 51125120, -44545057, -10461656, 67038601, -27170927, 9934327, -21451956, 15667243, -10532599]
c1: n=400 prefix=[1, 1, 2, 2, 2, 3, 3, 4, 4, 4] suffix=[153, 153, 153]
  rational_recurrence<=12= None
  diff_prefix= [0, 1, 0, 0, 1, 0, 1, 0, 0, 1, 0, 0, 1, 0, 1]
  c1_formula_first_bad= None
lmin: n=400 prefix=[2, 4, 7, 8, 12, 13, 14, 20, 21, 22] suffix=[1007, 1008, 1009]
  rational_recurrence<=12= None
  diff_prefix= [2, 3, 1, 4, 1, 1, 6, 1, 1, 1, 1, 9, 1, 1, 1]
  lmin_formula_first_bad= None
dj: n=1145 prefix=[1, 1, 3, 2, 1, 5, 3, 8, 5, 2] suffix=[471, 35, 743]
  rational_recurrence<=12= None
  diff_prefix= [0, 2, -1, -1, 4, -2, 5, -3, -3, 7, -4, -4, 9, -5, 10]
  dj_fib_additive_first_bad= (3, 3)
toeplitz_defects: n=400 prefix=[0, 0, 2, 0, 2, 8, 0, 18, 10, 16] suffix=[46208, 36960, 32096]
  rational_recurrence<=12= None
  diff_prefix= [0, 2, -2, 2, 6, -8, 18, -8, 6, 16, -32, 32, 16, -30, 54]
  zero_indices= [1, 2, 4, 7, 12, 20, 33, 54, 88, 143, 232, 376]
  universal_zero_first_bad= (3, 2)
